# 2026-10-06  issue #421 (default sets keep only functional genes)
# command:
./data/germlines/remove-nonfunctional-genes.py --species human --write

# ================================ full output ================================
igh: removing 90 genes (75 ORF, 14 P, 1 unknown)
    IGHV3-16*02                                        ORF
    IGHV3-16*03                                        ORF
    IGHV3-16*04                                        ORF
    IGHV3-19*01                                        P
    IGHV3-20*02                                        ORF
    IGHV3-25*02                                        P
    IGHV3-25*03                                        P
    IGHV3-25*04                                        ORF
    IGHV3-25*05                                        P
    IGHV3-35*01                                        ORF
    IGHV3-38*01                                        ORF
    IGHV3-38*02                                        ORF
    IGHV3-38*03                                        ORF
    IGHV3-38-3*01                                      ORF
    IGHV3-47*01                                        P
    IGHV3-47*02                                        P
    IGHV3-62*03                                        P
    IGHV3-69-1*01                                      P
    IGHV3-69-1*02                                      P
    IGHV6-1*03                                         P
    IGHV7-81*01                                        ORF
    IGHV8-51-1*02                                      ORF
    IGHV8-51-1*03                                      P
    IGHV8-51-1*04                                      ORF
    IGHV8-51-1*05                                      P
    IGHV1-38-4*01                                      ORF
    IGHV1/OR15-1*01                                    ORF
    IGHV1/OR15-1*02                                    ORF
    IGHV1/OR15-1*03                                    ORF
    IGHV1/OR15-1*04                                    ORF
    IGHV1/OR15-5*02                                    ORF
    IGHV1/OR15-9*01                                    ORF
    IGHV1/OR21-1*01                                    ORF
    IGHV2-70*09                                        ORF
    IGHV2-70D*23                                       ORF
    IGHV2/OR16-5*01                                    ORF
    IGHV3-16*01                                        ORF
    IGHV3-20*03                                        ORF
    IGHV3-38-3*02                                      ORF
    IGHV3/OR15-7*01                                    ORF
    IGHV3/OR15-7*02                                    ORF
    IGHV3/OR15-7*03                                    ORF
    IGHV3/OR15-7*05                                    ORF
    IGHV3/OR16-10*01                                   ORF
    IGHV3/OR16-10*02                                   ORF
    IGHV3/OR16-10*03                                   ORF
    IGHV3/OR16-12*01                                   ORF
    IGHV3/OR16-13*01                                   ORF
    IGHV3/OR16-17*01                                   ORF
    IGHV3/OR16-20*01                                   ORF
    IGHV3/OR16-6*02                                    ORF
    IGHV3/OR16-8*01                                    ORF
    IGHV3/OR16-9*01                                    ORF
    IGHV4-61*06                                        ORF
    IGHV4/OR15-8*01                                    ORF
    IGHV4/OR15-8*02                                    ORF
    IGHV4/OR15-8*03                                    ORF
    IGHV7-81*02                                        ORF
    IGHV3-38-3*01_c257t                                ORF
    IGHV3-35*01_g298a                                  ORF
    IGHV8-51-1*05_t312c                                P
    IGHV3-35*01_g145c                                  ORF
    IGHV8-51-1*05_c255t                                P
    IGHV8-51-1*02_a240g                                ORF
    IGHV1-3*01_2356                                    unknown
    IGHV3-38*02_g286a                                  ORF
    IGHV8-51-1*04_g241a                                ORF
    IGHV7-81*01_t138c                                  ORF
    IGHV3-16*02_g59t_a130g                             ORF
    IGHV7-81*01_g80t                                   ORF
    IGHV7-81*01_c10t                                   ORF
    IGHV3-38*02_c192g                                  ORF
    IGHV3-35*01_g145c_c288t                            ORF
    IGHV8-51-1*02_c52a                                 ORF
    IGHV3-38-3*01_t300c                                ORF
    IGHV3-16*02_g6a                                    ORF
    IGHV3-38*02_g32t                                   ORF
    IGHV8-51-1*02_c236a                                ORF
    IGHV7-81*01_g9a                                    ORF
    IGHD1-14*01                                        ORF
    IGHD4-23*01                                        ORF
    IGHD5-18*02                                        ORF
    IGHD5-24*01                                        ORF
    IGHD1/OR15-1a*01                                   ORF
    IGHD2/OR15-2a*01                                   ORF
    IGHD3/OR15-3a*01                                   ORF
    IGHD4/OR15-4a*01                                   ORF
    IGHD5/OR15-5a*01                                   ORF
    IGHD4-23*01_c7t                                    ORF
    IGHD5-18*01_c8t_t14c_g15a_g16a                     ORF
  wrote igh to data/germlines/human
igk: removing 35 genes (29 ORF, 6 P)
    IGKV1-13*01                                        P
    IGKV1D-42*01                                       ORF
    IGKV1D-42*02                                       ORF
    IGKV2-18*01                                        P
    IGKV2-29*01                                        P
    IGKV2D-18*01                                       P
    IGKV2D-24*01                                       ORF
    IGKV3-7*04                                         ORF
    IGKV6D-41*01                                       ORF
    IGKV1-37*01                                        ORF
    IGKV1/OR2-108*01                                   ORF
    IGKV3-7*01                                         ORF
    IGKV3-7*02                                         ORF
    IGKV3-7*03                                         ORF
    IGKV3-7*05                                         ORF
    IGKV3-7*06                                         ORF
    IGKV3/OR2-268*01                                   ORF
    IGKV3D-20*02                                       ORF
    IGKV1-39*01_c29t_c306t_315gtgtg319_c330a           P
    IGKV1D-42*02_c324t                                 ORF
    IGKV3D-15*01_c14t_g330a                            P
    IGKV3-7*04_t56c                                    ORF
    IGKV3-7*04_c74g_a208g                              ORF
    IGKV6D-41*01_a303t                                 ORF
    IGKV2D-24*01_t68g                                  ORF
    IGKV1D-42*01_g55a                                  ORF
    IGKV1D-42*01_c273g                                 ORF
    IGKV3-7*04_t56c_a118t_t126c                        ORF
    IGKV6D-41*01_g222a                                 ORF
    IGKV3-7*04_g147t                                   ORF
    IGKV3-7*04_t56c_t126c                              ORF
    IGKV1D-42*01_t19c                                  ORF
    IGKV3-7*04_g110a                                   ORF
    IGKV3-7*04_a208g_c258g                             ORF
    IGKJ4*03                                           ORF
  wrote igk to data/germlines/human
igl: removing 55 genes (45 ORF, 6 P, 4 unknown)
    IGLV1-41*01                                        ORF
    IGLV1-41*02                                        P
    IGLV1-50*01                                        ORF
    IGLV11-55*01                                       ORF
    IGLV11-55*02                                       ORF
    IGLV2-33*01                                        ORF
    IGLV3-12*01                                        P
    IGLV3-13*01                                        P
    IGLV5-48*02                                        P
    IGLV2-33*02                                        ORF
    IGLV2-33*03                                        ORF
    IGLV3-32*01                                        ORF
    IGLV8/OR8-1*02                                     ORF
    IGLV3-12*01_c270t                                  P
    IGLV1-41*01_a328g                                  ORF
    IGLV11-55*01_c321t                                 ORF
    IGLV1-41*01_c81t_c332t                             ORF
    IGLV1-41*01_c332t                                  ORF
    IGLV2-33*01_c141t                                  ORF
    IGLV1-41*01_c14t                                   ORF
    IGLV1-50*01_t90c                                   ORF
    IGLV11-55*02_c260t                                 ORF
    IGLV1-41*01_g114a                                  ORF
    IGLV1-50*01_a197g                                  ORF
    IGLV3-21*03_g27a                                   P
    IGLV1-41*01_g129c                                  ORF
    IGLV1-50*01_a224g                                  ORF
    IGLV1-41*01_g85a                                   ORF
    IGLV11-55*02_t276-_i296g                           ORF
    IGLV2-33*01_c36t                                   ORF
    IGLV1-41*01_c81t_c317g_c332t                       ORF
    IGLV11-55*02_c294a                                 ORF
    IGLV1-50*01_a207g                                  ORF
    IGLV11-55*02_g210t                                 ORF
    IGLV11-55*02_c321t                                 ORF
    IGLV11-55*02_g295c                                 ORF
    IGLV3-25*02_2990                                   unknown
    IGLV2-23*04_cc15                                   unknown
    IGLV1-41*01_g9a_c81t_c332t                         ORF
    IGLV11-55*02_a334g                                 ORF
    IGLV1-41*01_g337a                                  ORF
    IGLV5-45*03_c107g_c108t_a138c_t154c_g164a_g190a_a267g_g291a_t334g unknown
    IGLV2-33*01_g233t                                  ORF
    IGLV1-41*01_a238c_c332t                            ORF
    IGLV11-55*02_g2a                                   ORF
    IGLV1-50*01_t56g                                   ORF
    IGLV11-55*01_c294t                                 ORF
    IGLV11-55*01_g298c                                 ORF
    IGLV1-50*01_c215g                                  ORF
    IGLV1-50*01_c104t                                  ORF
    IGLJ4*01                                           ORF
    IGLJ5*01                                           ORF
    IGLJ5*02                                           ORF
    IGLJ5*02_i0c_c1t_t2g_g4t                           ORF
    IGLJ1*01_i0ttatgtctatatttctctgtaatagt_t1a          unknown
  wrote igl to data/germlines/human

note now rewrite the functionality file: ./data/germlines/write-functionalities.py --species human --gldir data/germlines/human --write
