# 2026-10-05  issue #421
# command:
./data/germlines/remove-unusable-genes.py --species human --write

# ================================ full output ================================
igh: removing 29 genes
    IGHV1-18*02                                        truncated
    IGHV1-69*03                                        truncated
    IGHV1-69-2*02                                      truncated
    IGHV1/OR15-5*01                                    out-of-frame
    IGHV2-5*03                                         truncated
    IGHV2-70*02                                        truncated
    IGHV2-70*03                                        truncated
    IGHV2-70*06                                        truncated
    IGHV2-70*07                                        truncated
    IGHV2-70*08                                        truncated
    IGHV3-72*02                                        truncated
    IGHV4-30-4*03                                      truncated
    IGHV4-30-4*04                                      truncated
    IGHV4-30-4*05                                      out-of-frame
    IGHV4-31*06                                        truncated
    IGHV4-31*07                                        truncated
    IGHV4-31*08                                        truncated
    IGHV4-31*09                                        truncated
    IGHV4-34*03                                        truncated
    IGHV4-34*06                                        truncated
    IGHV4-34*07                                        truncated
    IGHV4-39*03                                        truncated
    IGHV4-39*04                                        truncated
    IGHV4-4*04                                         truncated
    IGHV4-4*05                                         truncated
    IGHV4-61*04                                        truncated
    IGHV5-10-1*02                                      out-of-frame
    IGHV5-51*05                                        truncated
    IGHV7-4-1*03                                       truncated
  wrote igh to data/germlines/human
igk: removing 0 genes
igl: removing 4 genes
    IGLV3-2*03                                         out-of-frame
    IGLV2-11*03                                        out-of-frame
    IGLV8-61*03                                        truncated
    IGLJ2*01_8-------------------------------38        vdjbase deletion allele with only 7 bases left (TGTGGTA)
  wrote igl to data/germlines/human
