# 2026-10-05  issue #421
# command:
./data/germlines/remove-unusable-genes.py --species macaque --write

# ================================ full output ================================
igh: removing 0 genes
igk: removing 5 genes
    IGKV11-UT7D*01                                     out-of-frame
    IGKV9-6BQI*01                                      out-of-frame
    IGKV9-6BQI*02                                      out-of-frame
    IGKV9-6BQI*03                                      out-of-frame
    IGKV9-6BQI*04                                      out-of-frame
  wrote igk to data/germlines/macaque
igl: removing 11 genes
    IGLV0-D2KF*01                                      out-of-frame
    IGLV0-D2KF*02                                      out-of-frame
    IGLV0-D2KF*03                                      out-of-frame
    IGLV0-JFFW*01                                      out-of-frame
    IGLV0-JFFW*02                                      out-of-frame
    IGLV0-JFFW*03                                      out-of-frame
    IGLV0-JFFW*04                                      out-of-frame
    IGLV0-JFFW*05                                      out-of-frame
    IGLV0-JFFW*06                                      out-of-frame
    IGLV27-DLKC*04                                     out-of-frame
    IGLV27-Z76Z*01                                     out-of-frame
  wrote igl to data/germlines/macaque
